[INFO] [launch]: All log files can be found below /root/.ros/log/2026-09-11-11-23-26-625922-308048efbbc3-34
[INFO] [launch]: Default logging verbosity is set to INFO
[INFO] [gzserver-1]: process started with pid [53]
[INFO] [robot_state_publisher-2]: process started with pid [55]
[INFO] [spawn_entity.py-3]: process started with pid [57]
[INFO] [rviz2-4]: process started with pid [59]
[INFO] [async_slam_toolbox_node-5]: process started with pid [61]
[rviz2-4] QStandardPaths: XDG_RUNTIME_DIR not set, defaulting to '/tmp/runtime-root'
[robot_state_publisher-2] [INFO] [1789125807.662428005] [robot_state_publisher]: got segment base_footprint
[robot_state_publisher-2] [INFO] [1789125807.664762796] [robot_state_publisher]: got segment base_link
[robot_state_publisher-2] [INFO] [1789125807.664796546] [robot_state_publisher]: got segment base_scan
[robot_state_publisher-2] [INFO] [1789125807.664803130] [robot_state_publisher]: got segment camera_depth_frame
[robot_state_publisher-2] [INFO] [1789125807.664808088] [robot_state_publisher]: got segment camera_depth_optical_frame
[robot_state_publisher-2] [INFO] [1789125807.664812880] [robot_state_publisher]: got segment camera_link
[robot_state_publisher-2] [INFO] [1789125807.664817046] [robot_state_publisher]: got segment camera_rgb_frame
[robot_state_publisher-2] [INFO] [1789125807.664821296] [robot_state_publisher]: got segment camera_rgb_optical_frame
[robot_state_publisher-2] [INFO] [1789125807.664827296] [robot_state_publisher]: got segment caster_back_left_link
[robot_state_publisher-2] [INFO] [1789125807.664834588] [robot_state_publisher]: got segment caster_back_right_link
[robot_state_publisher-2] [INFO] [1789125807.664838463] [robot_state_publisher]: got segment imu_link
[robot_state_publisher-2] [INFO] [1789125807.664842380] [robot_state_publisher]: got segment wheel_left_link
[robot_state_publisher-2] [INFO] [1789125807.664846255] [robot_state_publisher]: got segment wheel_right_link
[async_slam_toolbox_node-5] [INFO] [1789125807.905394130] [slam_toolbox]: Using solver plugin solver_plugins::CeresSolver
[async_slam_toolbox_node-5] [INFO] [1789125807.909007421] [slam_toolbox]: CeresSolver: Using SCHUR_JACOBI preconditioner.
[gzserver-1] Gazebo multi-robot simulator, version 11.10.2
[gzserver-1] Copyright (C) 2012 Open Source Robotics Foundation.
[gzserver-1] Released under the Apache 2 License.
[gzserver-1] http://gazebosim.org
[gzserver-1] 
[spawn_entity.py-3] [INFO] [1789125808.256515797] [spawn_entity]: Spawn Entity started
[spawn_entity.py-3] [INFO] [1789125808.259918505] [spawn_entity]: Loading entity XML from file /ws/install/sar_bringup/share/sar_bringup/models/waffle/model.sdf
[spawn_entity.py-3] [INFO] [1789125808.271383880] [spawn_entity]: Waiting for service /spawn_entity, timeout = 120
[spawn_entity.py-3] [INFO] [1789125808.271726880] [spawn_entity]: Waiting for service /spawn_entity
[gzserver-1] [1;33m[Wrn] [gazebo_ros_init.cpp:178] [0m[1;33m
[gzserver-1] #     # ####### ####### ###  #####  #######
[gzserver-1] ##    # #     #    #     #  #     # #
[gzserver-1] # #   # #     #    #     #  #       #
[gzserver-1] #  #  # #     #    #     #  #       #####
[gzserver-1] #   # # #     #    #     #  #       #
[gzserver-1] #    ## #     #    #     #  #     # #
[gzserver-1] #     # #######    #    ###  #####  #######
[gzserver-1] 
[gzserver-1] This version of Gazebo, now called Gazebo classic, reaches end-of-life
[gzserver-1] in January 2025. Users are highly encouraged to migrate to the new Gazebo
[gzserver-1] using our migration guides (https://gazebosim.org/docs/latest/gazebo_classic_migration?utm_source=gazebo_ros_pkgs&utm_medium=cli)
[gzserver-1] 
[gzserver-1] [0m[1;33m
[rviz2-4] [INFO] [1789125809.394177755] [rviz2]: Stereo is NOT SUPPORTED
[rviz2-4] [INFO] [1789125809.396256172] [rviz2]: OpenGl version: 4.5 (GLSL 4.5)
[rviz2-4] [INFO] [1789125809.562289297] [rviz2]: Stereo is NOT SUPPORTED
[gzserver-1] [0m[1;33m[0m[1;33m[0mALSA lib confmisc.c:855:(parse_card) cannot find card '0'
[gzserver-1] ALSA lib conf.c:5182:(_snd_config_evaluate) function snd_func_card_inum returned error: No such file or directory
[gzserver-1] ALSA lib confmisc.c:422:(snd_func_concat) error evaluating strings
[gzserver-1] ALSA lib conf.c:5182:(_snd_config_evaluate) function snd_func_concat returned error: No such file or directory
[gzserver-1] ALSA lib confmisc.c:1334:(snd_func_refer) error evaluating name
[gzserver-1] ALSA lib conf.c:5182:(_snd_config_evaluate) function snd_func_refer returned error: No such file or directory
[gzserver-1] ALSA lib conf.c:5705:(snd_config_expand) Evaluate error: No such file or directory
[gzserver-1] ALSA lib pcm.c:2664:(snd_pcm_open_noupdate) Unknown PCM default
[gzserver-1] AL lib: (EE) ALCplaybackAlsa_open: Could not open playback device 'default': No such file or directory
[gzserver-1] [1;32m[Msg] [0m[1;32mWaiting for master.[0m[1;32m
[gzserver-1] [0m[1;32m[0m[1;32m[0m[1;32m[Msg] [0m[1;32mConnected to gazebo master @ [0m[1;32mhttp://127.0.0.1:11345[0m[1;32m
[gzserver-1] [0m[1;32m[0m[1;32m[0m[1;32m[Msg] [0m[1;32mPublicized address: [0m[1;32m172.18.0.2[0m[1;32m
[gzserver-1] [0m[1;32m[0m[1;32m[0m[1;32m[Msg] [0m[1;32mLoading world file [[0m[1;32m/ws/install/sar_bringup/share/sar_bringup/worlds/building.world[0m[1;32m][0m[1;32m
[gzserver-1] [1;31m[Err] [OpenAL.cc:84] [0m[1;31mUnable to open audio device[[0m[1;31mdefault[0m[1;31m]
[gzserver-1]  Audio will be disabled.
[spawn_entity.py-3] [INFO] [1789125810.305294048] [spawn_entity]: Calling service /spawn_entity
[gzserver-1] [0m[INFO] [1789125810.507878131] [turtlebot3_imu]: <initial_orientation_as_reference> is unset, using default value of false to comply with REP 145 (world as orientation reference)
[spawn_entity.py-3] [INFO] [1789125810.657325589] [spawn_entity]: Spawn status: SpawnEntity: Successfully spawned entity [waffle]
[INFO] [spawn_entity.py-3]: process has finished cleanly [pid 57]
[gzserver-1] [INFO] [1789125811.489388131] [camera_driver]: Publishing camera info to [/camera/camera_info]
[gzserver-1] [INFO] [1789125811.607676006] [turtlebot3_diff_drive]: Wheel pair 1 separation set to [0.287000m]
[gzserver-1] [INFO] [1789125811.609770090] [turtlebot3_diff_drive]: Wheel pair 1 diameter set to [0.066000m]
[gzserver-1] [INFO] [1789125811.617702923] [turtlebot3_diff_drive]: Subscribed to [/cmd_vel]
[gzserver-1] [INFO] [1789125811.622332631] [turtlebot3_diff_drive]: Advertise odometry on [/odom]
[gzserver-1] [INFO] [1789125811.627679131] [turtlebot3_diff_drive]: Publishing odom transforms between [odom] and [base_footprint]
[gzserver-1] [INFO] [1789125811.666595006] [turtlebot3_joint_state]: Going to publish joint [wheel_left_joint]
[gzserver-1] [INFO] [1789125811.667279423] [turtlebot3_joint_state]: Going to publish joint [wheel_right_joint]
[async_slam_toolbox_node-5] [WARN] [1789125811.808283007] [slam_toolbox]: minimum laser range setting (0.0 m) exceeds the capabilities of the used Lidar (0.1 m)
[async_slam_toolbox_node-5] Info: clipped range threshold to be within minimum and maximum range!
[async_slam_toolbox_node-5] Registering sensor: [Custom Described Lidar]
[rviz2-4] [INFO] [1789125812.252053382] [rviz2]: Stereo is NOT SUPPORTED
[rviz2-4] [INFO] [1789125812.482197049] [rviz2]: Trying to create a map of size 158 x 158 using 1 swatches
[rviz2-4] [ERROR] [1789125812.665217049] [rviz2]: Vertex Program:rviz/glsl120/indexed_8bit_image.vert Fragment Program:rviz/glsl120/indexed_8bit_image.frag GLSL link result : 
[rviz2-4] active samplers with a different type refer to the same texture image unit
[gzserver-1] [1;33m[Wrn] [Publisher.cc:135] [0m[1;33mQueue limit reached for topic [0m[1;33m/gazebo/rescue_building/pose/local/info[0m[1;33m, deleting message. [0m[1;33mThis warning is printed only once.[0m[1;33m
[rviz2-4] [INFO] [1789125821.831729345] [rviz]: Message Filter dropping message: frame 'base_scan' at time 0.168 for reason 'the timestamp on the message is earlier than all the data in the transform cache'
[rviz2-4] [INFO] [1789125940.164372635] [rviz2]: Trying to create a map of size 159 x 158 using 1 swatches
[rviz2-4] [INFO] [1789125950.052904542] [rviz2]: Trying to create a map of size 159 x 159 using 1 swatches
